// Jest Snapshot v1, https://goo.gl/fbAQLP

exports[`Test Footer component renders 1`] = `
<footer>
  <div>
    Icons by 
    <a
      href="https://icons8.com"
    >
      Icons8
    </a>
  </div>
  <div>
    AdventureMart Â©
  </div>
</footer>
`;
